"V1"
"1",1
"2",1
"3",8.65284593672527e-08
"4",6.7585172200686e-10
